// Jest Snapshot v1, https://goo.gl/fbAQLP

exports[`renders properly 1`] = `
<View
  accessibilityComponentType={undefined}
  accessibilityLabel={undefined}
  accessibilityTraits={undefined}
  accessible={true}
  hasTVPreferredFocus={undefined}
  hitSlop={undefined}
  isTVSelectable={true}
  nativeID={undefined}
  onLayout={undefined}
  onResponderGrant={[Function]}
  onResponderMove={[Function]}
  onResponderRelease={[Function]}
  onResponderTerminate={[Function]}
  onResponderTerminationRequest={[Function]}
  onStartShouldSetResponder={[Function]}
  style={
    Object {
      "alignItems": "center",
      "backgroundColor": "rgba(0, 0, 0, 1)",
      "flex": 1,
      "justifyContent": "center",
    }
  }
  testID={undefined}
  tvParallaxProperties={undefined}
>
  <View
    style={null}
  >
    <Text
      accessible={true}
      allowFontScaling={true}
      ellipsizeMode="tail"
      style={
        Array [
          Object {
            "fontSize": 12,
          },
          Object {
            "color": "white",
            "opacity": 1,
          },
          Object {
            "fontFamily": "AvantGardeGothicITC",
          },
        ]
      }
    >
      I AM AN INVERTED BUTTON
    </Text>
  </View>
</View>
`;
